../Core/Src/main.c:88:6:PotControl	152	static
../Core/Src/main.c:120:6:TerminalControl	72	static
../Core/Src/main.c:139:6:HAL_TIM_PeriodElapsedCallback	112	static
../Core/Src/main.c:185:6:ProgramLoop	96	static
../Core/Src/main.c:228:5:main	8	static
../Core/Src/main.c:276:6:SystemClock_Config	96	static
../Core/Src/main.c:337:13:MX_ADC1_Init	32	static
../Core/Src/main.c:395:13:MX_TIM1_Init	112	static
../Core/Src/main.c:475:13:MX_TIM16_Init	8	static
../Core/Src/main.c:507:13:MX_USART2_UART_Init	8	static
../Core/Src/main.c:542:13:MX_GPIO_Init	40	static
../Core/Src/main.c:585:6:Error_Handler	4	static,ignoring_inline_asm
